<?xml version="1.0"?>
<link_info>
   <banner>MSP430 Linker PC v4.3.1</banner>
   <copyright>Copyright (c) 2003-2014 Texas Instruments Incorporated</copyright>
   <link_time>0x53b3e9b3</link_time>
   <link_errors>0x0</link_errors>
   <output_file>SDCard.out</output_file>
   <entry_point>
      <name>_c_int00</name>
      <address>0x5dde</address>
   </entry_point>
   <input_file_list>
      <input_file id="fl-2">
         <path>.\</path>
         <kind>object</kind>
         <file>rena.obj</file>
         <name>rena.obj</name>
      </input_file>
      <input_file id="fl-3">
         <path>.\</path>
         <kind>object</kind>
         <file>pulsar.obj</file>
         <name>pulsar.obj</name>
      </input_file>
      <input_file id="fl-4">
         <path>.\</path>
         <kind>object</kind>
         <file>pre_init.obj</file>
         <name>pre_init.obj</name>
      </input_file>
      <input_file id="fl-5">
         <path>.\</path>
         <kind>object</kind>
         <file>main.obj</file>
         <name>main.obj</name>
      </input_file>
      <input_file id="fl-6">
         <path>.\</path>
         <kind>object</kind>
         <file>UART.obj</file>
         <name>UART.obj</name>
      </input_file>
      <input_file id="fl-7">
         <path>.\</path>
         <kind>object</kind>
         <file>Timer.obj</file>
         <name>Timer.obj</name>
      </input_file>
      <input_file id="fl-8">
         <path>.\</path>
         <kind>object</kind>
         <file>ByteFunctions.obj</file>
         <name>ByteFunctions.obj</name>
      </input_file>
      <input_file id="fl-9">
         <path>.\</path>
         <kind>object</kind>
         <file>ADC.obj</file>
         <name>ADC.obj</name>
      </input_file>
      <input_file id="fl-a">
         <path>.\</path>
         <kind>object</kind>
         <file>AD9243.obj</file>
         <name>AD9243.obj</name>
      </input_file>
      <input_file id="fl-39">
         <path>c:\ti\ccsv6\tools\compiler\msp430_4.3.1\lib\</path>
         <kind>archive</kind>
         <file>rts430x_lc_sd_eabi.lib</file>
         <name>addd.obj</name>
      </input_file>
      <input_file id="fl-3a">
         <path>c:\ti\ccsv6\tools\compiler\msp430_4.3.1\lib\</path>
         <kind>archive</kind>
         <file>rts430x_lc_sd_eabi.lib</file>
         <name>asr16.obj</name>
      </input_file>
      <input_file id="fl-3b">
         <path>c:\ti\ccsv6\tools\compiler\msp430_4.3.1\lib\</path>
         <kind>archive</kind>
         <file>rts430x_lc_sd_eabi.lib</file>
         <name>boot.obj</name>
      </input_file>
      <input_file id="fl-3c">
         <path>c:\ti\ccsv6\tools\compiler\msp430_4.3.1\lib\</path>
         <kind>archive</kind>
         <file>rts430x_lc_sd_eabi.lib</file>
         <name>copy_decompress_none.obj</name>
      </input_file>
      <input_file id="fl-3d">
         <path>c:\ti\ccsv6\tools\compiler\msp430_4.3.1\lib\</path>
         <kind>archive</kind>
         <file>rts430x_lc_sd_eabi.lib</file>
         <name>copy_decompress_rle.obj</name>
      </input_file>
      <input_file id="fl-3e">
         <path>c:\ti\ccsv6\tools\compiler\msp430_4.3.1\lib\</path>
         <kind>archive</kind>
         <file>rts430x_lc_sd_eabi.lib</file>
         <name>copy_zero_init.obj</name>
      </input_file>
      <input_file id="fl-3f">
         <path>c:\ti\ccsv6\tools\compiler\msp430_4.3.1\lib\</path>
         <kind>archive</kind>
         <file>rts430x_lc_sd_eabi.lib</file>
         <name>cpy_util.obj</name>
      </input_file>
      <input_file id="fl-40">
         <path>c:\ti\ccsv6\tools\compiler\msp430_4.3.1\lib\</path>
         <kind>archive</kind>
         <file>rts430x_lc_sd_eabi.lib</file>
         <name>div32u.obj</name>
      </input_file>
      <input_file id="fl-41">
         <path>c:\ti\ccsv6\tools\compiler\msp430_4.3.1\lib\</path>
         <kind>archive</kind>
         <file>rts430x_lc_sd_eabi.lib</file>
         <name>divd.obj</name>
      </input_file>
      <input_file id="fl-42">
         <path>c:\ti\ccsv6\tools\compiler\msp430_4.3.1\lib\</path>
         <kind>archive</kind>
         <file>rts430x_lc_sd_eabi.lib</file>
         <name>exit.obj</name>
      </input_file>
      <input_file id="fl-43">
         <path>c:\ti\ccsv6\tools\compiler\msp430_4.3.1\lib\</path>
         <kind>archive</kind>
         <file>rts430x_lc_sd_eabi.lib</file>
         <name>fltud.obj</name>
      </input_file>
      <input_file id="fl-44">
         <path>c:\ti\ccsv6\tools\compiler\msp430_4.3.1\lib\</path>
         <kind>archive</kind>
         <file>rts430x_lc_sd_eabi.lib</file>
         <name>fltuld.obj</name>
      </input_file>
      <input_file id="fl-45">
         <path>c:\ti\ccsv6\tools\compiler\msp430_4.3.1\lib\</path>
         <kind>archive</kind>
         <file>rts430x_lc_sd_eabi.lib</file>
         <name>frcaddd.obj</name>
      </input_file>
      <input_file id="fl-46">
         <path>c:\ti\ccsv6\tools\compiler\msp430_4.3.1\lib\</path>
         <kind>archive</kind>
         <file>rts430x_lc_sd_eabi.lib</file>
         <name>frcdivd.obj</name>
      </input_file>
      <input_file id="fl-47">
         <path>c:\ti\ccsv6\tools\compiler\msp430_4.3.1\lib\</path>
         <kind>archive</kind>
         <file>rts430x_lc_sd_eabi.lib</file>
         <name>int41.obj</name>
      </input_file>
      <input_file id="fl-48">
         <path>c:\ti\ccsv6\tools\compiler\msp430_4.3.1\lib\</path>
         <kind>archive</kind>
         <file>rts430x_lc_sd_eabi.lib</file>
         <name>int43.obj</name>
      </input_file>
      <input_file id="fl-49">
         <path>c:\ti\ccsv6\tools\compiler\msp430_4.3.1\lib\</path>
         <kind>archive</kind>
         <file>rts430x_lc_sd_eabi.lib</file>
         <name>int44.obj</name>
      </input_file>
      <input_file id="fl-4a">
         <path>c:\ti\ccsv6\tools\compiler\msp430_4.3.1\lib\</path>
         <kind>archive</kind>
         <file>rts430x_lc_sd_eabi.lib</file>
         <name>int45.obj</name>
      </input_file>
      <input_file id="fl-4b">
         <path>c:\ti\ccsv6\tools\compiler\msp430_4.3.1\lib\</path>
         <kind>archive</kind>
         <file>rts430x_lc_sd_eabi.lib</file>
         <name>int46.obj</name>
      </input_file>
      <input_file id="fl-4c">
         <path>c:\ti\ccsv6\tools\compiler\msp430_4.3.1\lib\</path>
         <kind>archive</kind>
         <file>rts430x_lc_sd_eabi.lib</file>
         <name>int47.obj</name>
      </input_file>
      <input_file id="fl-4d">
         <path>c:\ti\ccsv6\tools\compiler\msp430_4.3.1\lib\</path>
         <kind>archive</kind>
         <file>rts430x_lc_sd_eabi.lib</file>
         <name>int48.obj</name>
      </input_file>
      <input_file id="fl-4e">
         <path>c:\ti\ccsv6\tools\compiler\msp430_4.3.1\lib\</path>
         <kind>archive</kind>
         <file>rts430x_lc_sd_eabi.lib</file>
         <name>int50.obj</name>
      </input_file>
      <input_file id="fl-4f">
         <path>c:\ti\ccsv6\tools\compiler\msp430_4.3.1\lib\</path>
         <kind>archive</kind>
         <file>rts430x_lc_sd_eabi.lib</file>
         <name>int51.obj</name>
      </input_file>
      <input_file id="fl-50">
         <path>c:\ti\ccsv6\tools\compiler\msp430_4.3.1\lib\</path>
         <kind>archive</kind>
         <file>rts430x_lc_sd_eabi.lib</file>
         <name>int52.obj</name>
      </input_file>
      <input_file id="fl-51">
         <path>c:\ti\ccsv6\tools\compiler\msp430_4.3.1\lib\</path>
         <kind>archive</kind>
         <file>rts430x_lc_sd_eabi.lib</file>
         <name>int53.obj</name>
      </input_file>
      <input_file id="fl-52">
         <path>c:\ti\ccsv6\tools\compiler\msp430_4.3.1\lib\</path>
         <kind>archive</kind>
         <file>rts430x_lc_sd_eabi.lib</file>
         <name>int56.obj</name>
      </input_file>
      <input_file id="fl-53">
         <path>c:\ti\ccsv6\tools\compiler\msp430_4.3.1\lib\</path>
         <kind>archive</kind>
         <file>rts430x_lc_sd_eabi.lib</file>
         <name>int58.obj</name>
      </input_file>
      <input_file id="fl-54">
         <path>c:\ti\ccsv6\tools\compiler\msp430_4.3.1\lib\</path>
         <kind>archive</kind>
         <file>rts430x_lc_sd_eabi.lib</file>
         <name>int59.obj</name>
      </input_file>
      <input_file id="fl-55">
         <path>c:\ti\ccsv6\tools\compiler\msp430_4.3.1\lib\</path>
         <kind>archive</kind>
         <file>rts430x_lc_sd_eabi.lib</file>
         <name>int61.obj</name>
      </input_file>
      <input_file id="fl-56">
         <path>c:\ti\ccsv6\tools\compiler\msp430_4.3.1\lib\</path>
         <kind>archive</kind>
         <file>rts430x_lc_sd_eabi.lib</file>
         <name>int62.obj</name>
      </input_file>
      <input_file id="fl-57">
         <path>c:\ti\ccsv6\tools\compiler\msp430_4.3.1\lib\</path>
         <kind>archive</kind>
         <file>rts430x_lc_sd_eabi.lib</file>
         <name>isr_trap.obj</name>
      </input_file>
      <input_file id="fl-58">
         <path>c:\ti\ccsv6\tools\compiler\msp430_4.3.1\lib\</path>
         <kind>archive</kind>
         <file>rts430x_lc_sd_eabi.lib</file>
         <name>lsl16.obj</name>
      </input_file>
      <input_file id="fl-59">
         <path>c:\ti\ccsv6\tools\compiler\msp430_4.3.1\lib\</path>
         <kind>archive</kind>
         <file>rts430x_lc_sd_eabi.lib</file>
         <name>lsl32.obj</name>
      </input_file>
      <input_file id="fl-5a">
         <path>c:\ti\ccsv6\tools\compiler\msp430_4.3.1\lib\</path>
         <kind>archive</kind>
         <file>rts430x_lc_sd_eabi.lib</file>
         <name>lsr32.obj</name>
      </input_file>
      <input_file id="fl-5b">
         <path>c:\ti\ccsv6\tools\compiler\msp430_4.3.1\lib\</path>
         <kind>archive</kind>
         <file>rts430x_lc_sd_eabi.lib</file>
         <name>memset.obj</name>
      </input_file>
      <input_file id="fl-5c">
         <path>c:\ti\ccsv6\tools\compiler\msp430_4.3.1\lib\</path>
         <kind>archive</kind>
         <file>rts430x_lc_sd_eabi.lib</file>
         <name>mpu_init.obj</name>
      </input_file>
      <input_file id="fl-5d">
         <path>c:\ti\ccsv6\tools\compiler\msp430_4.3.1\lib\</path>
         <kind>archive</kind>
         <file>rts430x_lc_sd_eabi.lib</file>
         <name>mpyd.obj</name>
      </input_file>
      <input_file id="fl-5e">
         <path>c:\ti\ccsv6\tools\compiler\msp430_4.3.1\lib\</path>
         <kind>archive</kind>
         <file>rts430x_lc_sd_eabi.lib</file>
         <name>mult16_f5hw.obj</name>
      </input_file>
      <input_file id="fl-5f">
         <path>c:\ti\ccsv6\tools\compiler\msp430_4.3.1\lib\</path>
         <kind>archive</kind>
         <file>rts430x_lc_sd_eabi.lib</file>
         <name>mult32_f5hw.obj</name>
      </input_file>
      <input_file id="fl-60">
         <path>c:\ti\ccsv6\tools\compiler\msp430_4.3.1\lib\</path>
         <kind>archive</kind>
         <file>rts430x_lc_sd_eabi.lib</file>
         <name>renormd.obj</name>
      </input_file>
      <input_file id="fl-61">
         <path>c:\ti\ccsv6\tools\compiler\msp430_4.3.1\lib\</path>
         <kind>archive</kind>
         <file>rts430x_lc_sd_eabi.lib</file>
         <name>subd.obj</name>
      </input_file>
      <input_file id="fl-62">
         <path>c:\ti\ccsv6\tools\compiler\msp430_4.3.1\lib\</path>
         <kind>archive</kind>
         <file>rts430x_lc_sd_eabi.lib</file>
         <name>_lock.obj</name>
      </input_file>
      <input_file id="fl-63">
         <path>c:\ti\ccsv6\tools\compiler\msp430_4.3.1\lib\</path>
         <kind>archive</kind>
         <file>rts430x_lc_sd_eabi.lib</file>
         <name>args_main.obj</name>
      </input_file>
      <input_file id="fl-64">
         <path>c:\ti\ccsv6\tools\compiler\msp430_4.3.1\lib\</path>
         <kind>archive</kind>
         <file>rts430x_lc_sd_eabi.lib</file>
         <name>asr32.obj</name>
      </input_file>
      <input_file id="fl-65">
         <path>c:\ti\ccsv6\tools\compiler\msp430_4.3.1\lib\</path>
         <kind>archive</kind>
         <file>rts430x_lc_sd_eabi.lib</file>
         <name>autoinit.obj</name>
      </input_file>
      <input_file id="fl-66">
         <path>c:\ti\ccsv6\tools\compiler\msp430_4.3.1\lib\</path>
         <kind>archive</kind>
         <file>rts430x_lc_sd_eabi.lib</file>
         <name>frcmpyd.obj</name>
      </input_file>
   </input_file_list>
   <object_component_list>
      <object_component id="oc-94">
         <name>.stack</name>
         <uninitialized>true</uninitialized>
         <run_address>0x5b60</run_address>
         <size>0x2</size>
         <input_file_ref idref="fl-3b"/>
      </object_component>
      <object_component id="oc-38b">
         <name>.stack</name>
         <uninitialized>true</uninitialized>
         <run_address>0x5b60</run_address>
         <size>0x0</size>
      </object_component>
      <object_component id="oc-138">
         <name>.text:_Z18UARTCommandHandler9UART_Mode</name>
         <load_address>0x10000</load_address>
         <run_address>0x10000</run_address>
         <size>0x6c2</size>
         <input_file_ref idref="fl-5"/>
      </object_component>
      <object_component id="oc-248">
         <name>.text:_ZN6MSP4304rena13ConfigureRenaEPNS_13channelconfigEhNS_6pulsarES3_S3_</name>
         <load_address>0x106c2</load_address>
         <run_address>0x106c2</run_address>
         <size>0x458</size>
         <input_file_ref idref="fl-2"/>
      </object_component>
      <object_component id="oc-2b9">
         <name>.text:__TI_frcdivd</name>
         <load_address>0x10b1a</load_address>
         <run_address>0x10b1a</run_address>
         <size>0x456</size>
         <input_file_ref idref="fl-46"/>
      </object_component>
      <object_component id="oc-274">
         <name>.text:__mspabi_addd</name>
         <load_address>0x10f70</load_address>
         <run_address>0x10f70</run_address>
         <size>0x2d6</size>
         <input_file_ref idref="fl-39"/>
      </object_component>
      <object_component id="oc-ec">
         <name>.text:__sti___8_main_cpp_led</name>
         <load_address>0x11246</load_address>
         <run_address>0x11246</run_address>
         <size>0x26e</size>
         <input_file_ref idref="fl-5"/>
      </object_component>
      <object_component id="oc-2c5">
         <name>.text:__TI_frcaddd</name>
         <load_address>0x114b4</load_address>
         <run_address>0x114b4</run_address>
         <size>0x26a</size>
         <input_file_ref idref="fl-45"/>
      </object_component>
      <object_component id="oc-26e">
         <name>.text:__mspabi_divd</name>
         <load_address>0x1171e</load_address>
         <run_address>0x1171e</run_address>
         <size>0x220</size>
         <input_file_ref idref="fl-41"/>
      </object_component>
      <object_component id="oc-1f6">
         <name>.text:_ZN6MSP4303ADC24ReadAllValuesToCharArrayEPh</name>
         <load_address>0x1193e</load_address>
         <run_address>0x1193e</run_address>
         <size>0x180</size>
         <input_file_ref idref="fl-9"/>
      </object_component>
      <object_component id="oc-af">
         <name>.text:main</name>
         <load_address>0x11abe</load_address>
         <run_address>0x11abe</run_address>
         <size>0x126</size>
         <input_file_ref idref="fl-5"/>
      </object_component>
      <object_component id="oc-e0">
         <name>.text:__TI_decompress_rle_core</name>
         <load_address>0x11be4</load_address>
         <run_address>0x11be4</run_address>
         <size>0xd8</size>
         <input_file_ref idref="fl-3d"/>
      </object_component>
      <object_component id="oc-18c">
         <name>.text:_Z8ADCCLOCKv</name>
         <load_address>0x11cbc</load_address>
         <run_address>0x11cbc</run_address>
         <size>0xce</size>
         <input_file_ref idref="fl-5"/>
      </object_component>
      <object_component id="oc-304">
         <name>.text:__TI_renormd</name>
         <load_address>0x11d8a</load_address>
         <run_address>0x11d8a</run_address>
         <size>0xb4</size>
         <input_file_ref idref="fl-60"/>
      </object_component>
      <object_component id="oc-1fb">
         <name>.text:_Z18AssembleDataPacketPhj</name>
         <load_address>0x11e3e</load_address>
         <run_address>0x11e3e</run_address>
         <size>0xa4</size>
         <input_file_ref idref="fl-8"/>
      </object_component>
      <object_component id="oc-1f0">
         <name>.text:_ZN6MSP4305Timer5StartEj</name>
         <load_address>0x11ee2</load_address>
         <run_address>0x11ee2</run_address>
         <size>0xa4</size>
         <input_file_ref idref="fl-7"/>
      </object_component>
      <object_component id="oc-1a0">
         <name>.text:_ZN6MSP4304UARTC1ENS_4UCAxEmPFvhPhjE</name>
         <load_address>0x11f86</load_address>
         <run_address>0x11f86</run_address>
         <size>0x84</size>
         <input_file_ref idref="fl-6"/>
      </object_component>
      <object_component id="oc-aa">
         <name>.text:_auto_init_hold_wdt</name>
         <load_address>0x1200a</load_address>
         <run_address>0x1200a</run_address>
         <size>0x84</size>
         <input_file_ref idref="fl-65"/>
      </object_component>
      <object_component id="oc-200">
         <name>.text:_ZN6MSP4304UART4SendEPhj</name>
         <load_address>0x1208e</load_address>
         <run_address>0x1208e</run_address>
         <size>0x78</size>
         <input_file_ref idref="fl-6"/>
      </object_component>
      <object_component id="oc-2b2">
         <name>.text:__mspabi_fltuld</name>
         <load_address>0x12106</load_address>
         <run_address>0x12106</run_address>
         <size>0x76</size>
         <input_file_ref idref="fl-44"/>
      </object_component>
      <object_component id="oc-182">
         <name>.text:_Z20ADCACQTimerInterruptv</name>
         <load_address>0x1217c</load_address>
         <run_address>0x1217c</run_address>
         <size>0x72</size>
         <input_file_ref idref="fl-5"/>
      </object_component>
      <object_component id="oc-1e9">
         <name>.text:_ZN6MSP4305Timer4StopEv</name>
         <load_address>0x121ee</load_address>
         <run_address>0x121ee</run_address>
         <size>0x62</size>
         <input_file_ref idref="fl-7"/>
      </object_component>
      <object_component id="oc-173">
         <name>.text:_ZN6MSP4306pulsarC1EPhhNS_13InterruptTypeEPFvvE</name>
         <load_address>0x12250</load_address>
         <run_address>0x12250</run_address>
         <size>0x5e</size>
         <input_file_ref idref="fl-3"/>
      </object_component>
      <object_component id="oc-286">
         <name>.text</name>
         <load_address>0x122ae</load_address>
         <run_address>0x122ae</run_address>
         <size>0x58</size>
         <input_file_ref idref="fl-40"/>
      </object_component>
      <object_component id="oc-187">
         <name>.text:_ZN6MSP4305TimerC1ENS_5TIMEREPFvvE</name>
         <load_address>0x12306</load_address>
         <run_address>0x12306</run_address>
         <size>0x56</size>
         <input_file_ref idref="fl-7"/>
      </object_component>
      <object_component id="oc-294">
         <name>.text:_ZN6MSP4303ADC26SingleReadValueAsCharArrayENS_10ADCChannelE</name>
         <load_address>0x1235c</load_address>
         <run_address>0x1235c</run_address>
         <size>0x48</size>
         <input_file_ref idref="fl-9"/>
      </object_component>
      <object_component id="oc-ce">
         <name>.text:__memcpy_far</name>
         <load_address>0x123a4</load_address>
         <run_address>0x123a4</run_address>
         <size>0x40</size>
         <input_file_ref idref="fl-3f"/>
      </object_component>
      <object_component id="oc-89">
         <name>.text:decompress:ZI:__TI_zero_init</name>
         <load_address>0x123e4</load_address>
         <run_address>0x123e4</run_address>
         <size>0x3e</size>
         <input_file_ref idref="fl-3e"/>
      </object_component>
      <object_component id="oc-2f0">
         <name>.text:l_asr_const</name>
         <load_address>0x12422</load_address>
         <run_address>0x12422</run_address>
         <size>0x3e</size>
         <input_file_ref idref="fl-64"/>
      </object_component>
      <object_component id="oc-2e0">
         <name>.text:l_lsl_const</name>
         <load_address>0x12460</load_address>
         <run_address>0x12460</run_address>
         <size>0x3e</size>
         <input_file_ref idref="fl-59"/>
      </object_component>
      <object_component id="oc-2e4">
         <name>.text:l_lsr_const</name>
         <load_address>0x1249e</load_address>
         <run_address>0x1249e</run_address>
         <size>0x3e</size>
         <input_file_ref idref="fl-5a"/>
      </object_component>
      <object_component id="oc-84">
         <name>.text:decompress:none:__TI_decompress_none</name>
         <load_address>0x124dc</load_address>
         <run_address>0x124dc</run_address>
         <size>0x3c</size>
         <input_file_ref idref="fl-3c"/>
      </object_component>
      <object_component id="oc-19b">
         <name>.text:_Z13CommandVectorhPhj</name>
         <load_address>0x12518</load_address>
         <run_address>0x12518</run_address>
         <size>0x38</size>
         <input_file_ref idref="fl-5"/>
      </object_component>
      <object_component id="oc-279">
         <name>.text:__mspabi_subd</name>
         <load_address>0x12550</load_address>
         <run_address>0x12550</run_address>
         <size>0x2e</size>
         <input_file_ref idref="fl-61"/>
      </object_component>
      <object_component id="oc-169">
         <name>.text:_ZN6MSP4306pulsarC1EPhhb</name>
         <load_address>0x1257e</load_address>
         <run_address>0x1257e</run_address>
         <size>0x2c</size>
         <input_file_ref idref="fl-3"/>
      </object_component>
      <object_component id="oc-1e0">
         <name>.text:_Z24CompareCharArrayToStringPhPKcj</name>
         <load_address>0x125aa</load_address>
         <run_address>0x125aa</run_address>
         <size>0x26</size>
         <input_file_ref idref="fl-8"/>
      </object_component>
      <object_component id="oc-205">
         <name>.text:_ZN6MSP4306pulsar3getEv</name>
         <load_address>0x125d0</load_address>
         <run_address>0x125d0</run_address>
         <size>0x26</size>
         <input_file_ref idref="fl-3"/>
      </object_component>
      <object_component id="oc-2ec">
         <name>.text</name>
         <load_address>0x125f6</load_address>
         <run_address>0x125f6</run_address>
         <size>0x22</size>
         <input_file_ref idref="fl-5f"/>
      </object_component>
      <object_component id="oc-16e">
         <name>.text:_Z12TS_Interruptv</name>
         <load_address>0x12618</load_address>
         <run_address>0x12618</run_address>
         <size>0x20</size>
         <input_file_ref idref="fl-5"/>
      </object_component>
      <object_component id="oc-196">
         <name>.text:_ZN6MSP4306AD9243C1EPNS_6pulsarES2_S2_</name>
         <load_address>0x12638</load_address>
         <run_address>0x12638</run_address>
         <size>0x20</size>
         <input_file_ref idref="fl-a"/>
      </object_component>
      <object_component id="oc-12c">
         <name>.text:_ZN6MSP4306pulsar3setEb</name>
         <load_address>0x12658</load_address>
         <run_address>0x12658</run_address>
         <size>0x1e</size>
         <input_file_ref idref="fl-3"/>
      </object_component>
      <object_component id="oc-131">
         <name>.text:_Z5delayj</name>
         <load_address>0x12676</load_address>
         <run_address>0x12676</run_address>
         <size>0x1a</size>
         <input_file_ref idref="fl-5"/>
      </object_component>
      <object_component id="oc-178">
         <name>.text:_ZN6MSP4306pulsarC1EPhh</name>
         <load_address>0x12690</load_address>
         <run_address>0x12690</run_address>
         <size>0x16</size>
         <input_file_ref idref="fl-3"/>
      </object_component>
      <object_component id="oc-21b">
         <name>.text</name>
         <load_address>0x126a6</load_address>
         <run_address>0x126a6</run_address>
         <size>0x16</size>
         <input_file_ref idref="fl-5e"/>
      </object_component>
      <object_component id="oc-28a">
         <name>.text:memset</name>
         <load_address>0x126bc</load_address>
         <run_address>0x126bc</run_address>
         <size>0x14</size>
         <input_file_ref idref="fl-5b"/>
      </object_component>
      <object_component id="oc-300">
         <name>.text:l_asr</name>
         <load_address>0x126d0</load_address>
         <run_address>0x126d0</run_address>
         <size>0x10</size>
         <input_file_ref idref="fl-64"/>
      </object_component>
      <object_component id="oc-2f8">
         <name>.text:l_lsl</name>
         <load_address>0x126e0</load_address>
         <run_address>0x126e0</run_address>
         <size>0x10</size>
         <input_file_ref idref="fl-59"/>
      </object_component>
      <object_component id="oc-2fc">
         <name>.text:l_lsr</name>
         <load_address>0x126f0</load_address>
         <run_address>0x126f0</run_address>
         <size>0x10</size>
         <input_file_ref idref="fl-5a"/>
      </object_component>
      <object_component id="oc-8e">
         <name>.text:decompress:rle24:__TI_decompress_rle24</name>
         <load_address>0x12700</load_address>
         <run_address>0x12700</run_address>
         <size>0xe</size>
         <input_file_ref idref="fl-3d"/>
      </object_component>
      <object_component id="oc-a5">
         <name>.text:_system_pre_init</name>
         <load_address>0x1270e</load_address>
         <run_address>0x1270e</run_address>
         <size>0xa</size>
         <input_file_ref idref="fl-4"/>
      </object_component>
      <object_component id="oc-2aa">
         <name>.text</name>
         <load_address>0x12718</load_address>
         <run_address>0x12718</run_address>
         <size>0xa</size>
         <input_file_ref idref="fl-3a"/>
      </object_component>
      <object_component id="oc-263">
         <name>.text</name>
         <load_address>0x12722</load_address>
         <run_address>0x12722</run_address>
         <size>0xa</size>
         <input_file_ref idref="fl-58"/>
      </object_component>
      <object_component id="oc-97">
         <name>.text:__TI_ISR_TRAP</name>
         <load_address>0x1272c</load_address>
         <run_address>0x1272c</run_address>
         <size>0x6</size>
         <input_file_ref idref="fl-57"/>
      </object_component>
      <object_component id="oc-269">
         <name>.text:__mspabi_fltud</name>
         <load_address>0x12732</load_address>
         <run_address>0x12732</run_address>
         <size>0x6</size>
         <input_file_ref idref="fl-43"/>
      </object_component>
      <object_component id="oc-b4">
         <name>.text:abort</name>
         <load_address>0x12738</load_address>
         <run_address>0x12738</run_address>
         <size>0x4</size>
         <input_file_ref idref="fl-42"/>
      </object_component>
      <object_component id="oc-17d">
         <name>.text:_ZN6MSP4303ADCC1Ev</name>
         <load_address>0x1273c</load_address>
         <run_address>0x1273c</run_address>
         <size>0x2</size>
         <input_file_ref idref="fl-9"/>
      </object_component>
      <object_component id="oc-191">
         <name>.text:_ZN6MSP4304renaC1Ev</name>
         <load_address>0x1273e</load_address>
         <run_address>0x1273e</run_address>
         <size>0x2</size>
         <input_file_ref idref="fl-2"/>
      </object_component>
      <object_component id="oc-c4">
         <name>.text:_isr:_ZN6MSP43011USCI_A0_ISREv</name>
         <load_address>0x5c00</load_address>
         <run_address>0x5c00</run_address>
         <size>0x13a</size>
         <input_file_ref idref="fl-6"/>
      </object_component>
      <object_component id="oc-ba">
         <name>.text:_isr:_ZN6MSP43013TIMER0_A0_ISREv</name>
         <load_address>0x5d3a</load_address>
         <run_address>0x5d3a</run_address>
         <size>0x42</size>
         <input_file_ref idref="fl-7"/>
      </object_component>
      <object_component id="oc-a0">
         <name>.text:_isr:_ZN6MSP43013TIMER1_A1_ISREv</name>
         <load_address>0x5d7c</load_address>
         <run_address>0x5d7c</run_address>
         <size>0x42</size>
         <input_file_ref idref="fl-7"/>
      </object_component>
      <object_component id="oc-c9">
         <name>.text:_isr:_ZN6MSP43013TIMER0_B0_ISREv</name>
         <load_address>0x5dbe</load_address>
         <run_address>0x5dbe</run_address>
         <size>0x20</size>
         <input_file_ref idref="fl-7"/>
      </object_component>
      <object_component id="oc-72">
         <name>.text:_isr:_c_int00_noexit</name>
         <load_address>0x5dde</load_address>
         <run_address>0x5dde</run_address>
         <size>0x1a</size>
         <input_file_ref idref="fl-3b"/>
      </object_component>
      <object_component id="oc-bf">
         <name>.text:_isr:_ZN6MSP4309ADC12_ISREv</name>
         <load_address>0x5df8</load_address>
         <run_address>0x5df8</run_address>
         <size>0x14</size>
         <input_file_ref idref="fl-9"/>
      </object_component>
      <object_component id="oc-9b">
         <name>.text:_isr:_ZN6MSP4306Port_2Ev</name>
         <load_address>0x5e0c</load_address>
         <run_address>0x5e0c</run_address>
         <size>0xe</size>
         <input_file_ref idref="fl-3"/>
      </object_component>
      <object_component id="oc-38a">
         <name>.cinit..data.load</name>
         <load_address>0x5e88</load_address>
         <run_address>0x5e88</run_address>
         <size>0x11</size>
      </object_component>
      <object_component id="oc-387">
         <name>__TI_handler_table</name>
         <load_address>0x5e9a</load_address>
         <run_address>0x5e9a</run_address>
         <size>0xc</size>
      </object_component>
      <object_component id="oc-389">
         <name>.cinit..bss.load</name>
         <load_address>0x5ea6</load_address>
         <run_address>0x5ea6</run_address>
         <size>0x6</size>
      </object_component>
      <object_component id="oc-388">
         <name>__TI_cinit_table</name>
         <load_address>0x5eac</load_address>
         <run_address>0x5eac</run_address>
         <size>0x10</size>
      </object_component>
      <object_component id="oc-1df">
         <name>.const:.string</name>
         <load_address>0x5e1e</load_address>
         <run_address>0x5e1e</run_address>
         <size>0x62</size>
         <input_file_ref idref="fl-5"/>
      </object_component>
      <object_component id="oc-15b">
         <name>.const:.string</name>
         <load_address>0x5e80</load_address>
         <run_address>0x5e80</run_address>
         <size>0x8</size>
         <input_file_ref idref="fl-6"/>
      </object_component>
      <object_component id="oc-93">
         <name>.init_array</name>
         <load_address>0x5e1a</load_address>
         <run_address>0x5e1a</run_address>
         <size>0x4</size>
         <input_file_ref idref="fl-5"/>
      </object_component>
      <object_component id="oc-69">
         <name>.int41</name>
         <load_address>0xffd2</load_address>
         <run_address>0xffd2</run_address>
         <size>0x2</size>
         <input_file_ref idref="fl-47"/>
      </object_component>
      <object_component id="oc-6a">
         <name>.int42</name>
         <load_address>0xffd4</load_address>
         <run_address>0xffd4</run_address>
         <size>0x2</size>
         <input_file_ref idref="fl-3"/>
      </object_component>
      <object_component id="oc-6b">
         <name>.int43</name>
         <load_address>0xffd6</load_address>
         <run_address>0xffd6</run_address>
         <size>0x2</size>
         <input_file_ref idref="fl-48"/>
      </object_component>
      <object_component id="oc-6c">
         <name>.int44</name>
         <load_address>0xffd8</load_address>
         <run_address>0xffd8</run_address>
         <size>0x2</size>
         <input_file_ref idref="fl-49"/>
      </object_component>
      <object_component id="oc-6d">
         <name>.int45</name>
         <load_address>0xffda</load_address>
         <run_address>0xffda</run_address>
         <size>0x2</size>
         <input_file_ref idref="fl-4a"/>
      </object_component>
      <object_component id="oc-6e">
         <name>.int46</name>
         <load_address>0xffdc</load_address>
         <run_address>0xffdc</run_address>
         <size>0x2</size>
         <input_file_ref idref="fl-4b"/>
      </object_component>
      <object_component id="oc-6f">
         <name>.int47</name>
         <load_address>0xffde</load_address>
         <run_address>0xffde</run_address>
         <size>0x2</size>
         <input_file_ref idref="fl-4c"/>
      </object_component>
      <object_component id="oc-70">
         <name>.int48</name>
         <load_address>0xffe0</load_address>
         <run_address>0xffe0</run_address>
         <size>0x2</size>
         <input_file_ref idref="fl-4d"/>
      </object_component>
      <object_component id="oc-71">
         <name>.int49</name>
         <load_address>0xffe2</load_address>
         <run_address>0xffe2</run_address>
         <size>0x2</size>
         <input_file_ref idref="fl-7"/>
      </object_component>
      <object_component id="oc-77">
         <name>.int50</name>
         <load_address>0xffe4</load_address>
         <run_address>0xffe4</run_address>
         <size>0x2</size>
         <input_file_ref idref="fl-4e"/>
      </object_component>
      <object_component id="oc-78">
         <name>.int51</name>
         <load_address>0xffe6</load_address>
         <run_address>0xffe6</run_address>
         <size>0x2</size>
         <input_file_ref idref="fl-4f"/>
      </object_component>
      <object_component id="oc-79">
         <name>.int52</name>
         <load_address>0xffe8</load_address>
         <run_address>0xffe8</run_address>
         <size>0x2</size>
         <input_file_ref idref="fl-50"/>
      </object_component>
      <object_component id="oc-7a">
         <name>.int53</name>
         <load_address>0xffea</load_address>
         <run_address>0xffea</run_address>
         <size>0x2</size>
         <input_file_ref idref="fl-51"/>
      </object_component>
      <object_component id="oc-7b">
         <name>.int54</name>
         <load_address>0xffec</load_address>
         <run_address>0xffec</run_address>
         <size>0x2</size>
         <input_file_ref idref="fl-7"/>
      </object_component>
      <object_component id="oc-7c">
         <name>.int55</name>
         <load_address>0xffee</load_address>
         <run_address>0xffee</run_address>
         <size>0x2</size>
         <input_file_ref idref="fl-9"/>
      </object_component>
      <object_component id="oc-7d">
         <name>.int56</name>
         <load_address>0xfff0</load_address>
         <run_address>0xfff0</run_address>
         <size>0x2</size>
         <input_file_ref idref="fl-52"/>
      </object_component>
      <object_component id="oc-7e">
         <name>.int57</name>
         <load_address>0xfff2</load_address>
         <run_address>0xfff2</run_address>
         <size>0x2</size>
         <input_file_ref idref="fl-6"/>
      </object_component>
      <object_component id="oc-7f">
         <name>.int58</name>
         <load_address>0xfff4</load_address>
         <run_address>0xfff4</run_address>
         <size>0x2</size>
         <input_file_ref idref="fl-53"/>
      </object_component>
      <object_component id="oc-80">
         <name>.int59</name>
         <load_address>0xfff6</load_address>
         <run_address>0xfff6</run_address>
         <size>0x2</size>
         <input_file_ref idref="fl-54"/>
      </object_component>
      <object_component id="oc-81">
         <name>.int60</name>
         <load_address>0xfff8</load_address>
         <run_address>0xfff8</run_address>
         <size>0x2</size>
         <input_file_ref idref="fl-7"/>
      </object_component>
      <object_component id="oc-82">
         <name>.int61</name>
         <load_address>0xfffa</load_address>
         <run_address>0xfffa</run_address>
         <size>0x2</size>
         <input_file_ref idref="fl-55"/>
      </object_component>
      <object_component id="oc-83">
         <name>.int62</name>
         <load_address>0xfffc</load_address>
         <run_address>0xfffc</run_address>
         <size>0x2</size>
         <input_file_ref idref="fl-56"/>
      </object_component>
      <object_component id="oc-96">
         <name>.reset</name>
         <load_address>0xfffe</load_address>
         <run_address>0xfffe</run_address>
         <size>0x2</size>
         <input_file_ref idref="fl-3b"/>
      </object_component>
      <object_component id="oc-12a">
         <name>.bss</name>
         <uninitialized>true</uninitialized>
         <run_address>0x22d8</run_address>
         <size>0x94</size>
         <input_file_ref idref="fl-5"/>
      </object_component>
      <object_component id="oc-256">
         <name>.common:_ZN6MSP43020interruptVectorPORT2E</name>
         <uninitialized>true</uninitialized>
         <run_address>0x238c</run_address>
         <size>0x4</size>
      </object_component>
      <object_component id="oc-247">
         <name>.common:ChannelConfigs</name>
         <uninitialized>true</uninitialized>
         <run_address>0x2200</run_address>
         <size>0xd8</size>
      </object_component>
      <object_component id="oc-283">
         <name>.common:ReceivedData</name>
         <uninitialized>true</uninitialized>
         <run_address>0x1e00</run_address>
         <size>0x200</size>
      </object_component>
      <object_component id="oc-273">
         <name>.common:value</name>
         <uninitialized>true</uninitialized>
         <run_address>0x2392</run_address>
         <size>0x2</size>
      </object_component>
      <object_component id="oc-285">
         <name>.common:_ZN6MSP43013CommandVectorE</name>
         <uninitialized>true</uninitialized>
         <run_address>0x2374</run_address>
         <size>0x4</size>
      </object_component>
      <object_component id="oc-15a">
         <name>.common:_ZN6MSP43012HeaderBufferE</name>
         <uninitialized>true</uninitialized>
         <run_address>0x236c</run_address>
         <size>0x8</size>
      </object_component>
      <object_component id="oc-151">
         <name>.common:_ZN6MSP43010DataBufferE</name>
         <uninitialized>true</uninitialized>
         <run_address>0x2000</run_address>
         <size>0x200</size>
      </object_component>
      <object_component id="oc-260">
         <name>.common:_ZN6MSP43016TimerA0InterruptE</name>
         <uninitialized>true</uninitialized>
         <run_address>0x2378</run_address>
         <size>0x4</size>
      </object_component>
      <object_component id="oc-25f">
         <name>.common:_ZN6MSP43016TimerA1InterruptE</name>
         <uninitialized>true</uninitialized>
         <run_address>0x237c</run_address>
         <size>0x4</size>
      </object_component>
      <object_component id="oc-25e">
         <name>.common:_ZN6MSP43016TimerB0InterruptE</name>
         <uninitialized>true</uninitialized>
         <run_address>0x2380</run_address>
         <size>0x4</size>
      </object_component>
      <object_component id="oc-25d">
         <name>.common:_ZN6MSP43018TimerA0_1InterruptE</name>
         <uninitialized>true</uninitialized>
         <run_address>0x2384</run_address>
         <size>0x4</size>
      </object_component>
      <object_component id="oc-25c">
         <name>.common:_ZN6MSP43018TimerA1_1InterruptE</name>
         <uninitialized>true</uninitialized>
         <run_address>0x2388</run_address>
         <size>0x4</size>
      </object_component>
      <object_component id="oc-2a5">
         <name>.common:Packet</name>
         <uninitialized>true</uninitialized>
         <run_address>0x1c00</run_address>
         <size>0x200</size>
      </object_component>
      <object_component id="oc-2dd">
         <name>.common:_ZN6MSP4309CharValueE</name>
         <uninitialized>true</uninitialized>
         <run_address>0x2390</run_address>
         <size>0x2</size>
      </object_component>
      <object_component id="oc-fc">
         <name>.data</name>
         <load_address>0x2394</load_address>
         <run_address>0x2394</run_address>
         <size>0x16</size>
         <input_file_ref idref="fl-7"/>
      </object_component>
      <object_component id="oc-136">
         <name>.data</name>
         <load_address>0x23aa</load_address>
         <run_address>0x23aa</run_address>
         <size>0xc</size>
         <input_file_ref idref="fl-5"/>
      </object_component>
      <object_component id="oc-147">
         <name>.data</name>
         <load_address>0x23c0</load_address>
         <run_address>0x23c0</run_address>
         <size>0x4</size>
         <input_file_ref idref="fl-9"/>
      </object_component>
      <object_component id="oc-14a">
         <name>.data</name>
         <load_address>0x23b6</load_address>
         <run_address>0x23b6</run_address>
         <size>0x9</size>
         <input_file_ref idref="fl-6"/>
      </object_component>
      <object_component id="oc-73">
         <name>.debug_frame</name>
         <load_address>0x0</load_address>
         <run_address>0x0</run_address>
         <size>0x42</size>
         <input_file_ref idref="fl-3b"/>
      </object_component>
      <object_component id="oc-88">
         <name>.debug_frame</name>
         <load_address>0x42</load_address>
         <run_address>0x42</run_address>
         <size>0x56</size>
         <input_file_ref idref="fl-3c"/>
      </object_component>
      <object_component id="oc-8b">
         <name>.debug_frame</name>
         <load_address>0x98</load_address>
         <run_address>0x98</run_address>
         <size>0x50</size>
         <input_file_ref idref="fl-3e"/>
      </object_component>
      <object_component id="oc-92">
         <name>.debug_frame</name>
         <load_address>0xe8</load_address>
         <run_address>0xe8</run_address>
         <size>0x4d</size>
         <input_file_ref idref="fl-3d"/>
      </object_component>
      <object_component id="oc-9e">
         <name>.debug_frame</name>
         <load_address>0x135</load_address>
         <run_address>0x135</run_address>
         <size>0x5c</size>
         <input_file_ref idref="fl-3"/>
      </object_component>
      <object_component id="oc-a3">
         <name>.debug_frame</name>
         <load_address>0x191</load_address>
         <run_address>0x191</run_address>
         <size>0x5c</size>
         <input_file_ref idref="fl-7"/>
      </object_component>
      <object_component id="oc-a8">
         <name>.debug_frame</name>
         <load_address>0x1ed</load_address>
         <run_address>0x1ed</run_address>
         <size>0x47</size>
         <input_file_ref idref="fl-4"/>
      </object_component>
      <object_component id="oc-ad">
         <name>.debug_frame</name>
         <load_address>0x234</load_address>
         <run_address>0x234</run_address>
         <size>0x5a</size>
         <input_file_ref idref="fl-65"/>
      </object_component>
      <object_component id="oc-b2">
         <name>.debug_frame</name>
         <load_address>0x28e</load_address>
         <run_address>0x28e</run_address>
         <size>0x48</size>
         <input_file_ref idref="fl-5"/>
      </object_component>
      <object_component id="oc-b7">
         <name>.debug_frame</name>
         <load_address>0x2d6</load_address>
         <run_address>0x2d6</run_address>
         <size>0x47</size>
         <input_file_ref idref="fl-42"/>
      </object_component>
      <object_component id="oc-bd">
         <name>.debug_frame</name>
         <load_address>0x31d</load_address>
         <run_address>0x31d</run_address>
         <size>0x5c</size>
         <input_file_ref idref="fl-7"/>
      </object_component>
      <object_component id="oc-c2">
         <name>.debug_frame</name>
         <load_address>0x379</load_address>
         <run_address>0x379</run_address>
         <size>0x47</size>
         <input_file_ref idref="fl-9"/>
      </object_component>
      <object_component id="oc-c7">
         <name>.debug_frame</name>
         <load_address>0x3c0</load_address>
         <run_address>0x3c0</run_address>
         <size>0x5d</size>
         <input_file_ref idref="fl-6"/>
      </object_component>
      <object_component id="oc-cc">
         <name>.debug_frame</name>
         <load_address>0x41d</load_address>
         <run_address>0x41d</run_address>
         <size>0x5c</size>
         <input_file_ref idref="fl-7"/>
      </object_component>
      <object_component id="oc-e3">
         <name>.debug_frame</name>
         <load_address>0x479</load_address>
         <run_address>0x479</run_address>
         <size>0x83</size>
         <input_file_ref idref="fl-3d"/>
      </object_component>
      <object_component id="oc-ef">
         <name>.debug_frame</name>
         <load_address>0x4fc</load_address>
         <run_address>0x4fc</run_address>
         <size>0x4f</size>
         <input_file_ref idref="fl-5"/>
      </object_component>
      <object_component id="oc-12f">
         <name>.debug_frame</name>
         <load_address>0x54b</load_address>
         <run_address>0x54b</run_address>
         <size>0x47</size>
         <input_file_ref idref="fl-3"/>
      </object_component>
      <object_component id="oc-134">
         <name>.debug_frame</name>
         <load_address>0x592</load_address>
         <run_address>0x592</run_address>
         <size>0x47</size>
         <input_file_ref idref="fl-5"/>
      </object_component>
      <object_component id="oc-13b">
         <name>.debug_frame</name>
         <load_address>0x5d9</load_address>
         <run_address>0x5d9</run_address>
         <size>0x58</size>
         <input_file_ref idref="fl-5"/>
      </object_component>
      <object_component id="oc-16c">
         <name>.debug_frame</name>
         <load_address>0x631</load_address>
         <run_address>0x631</run_address>
         <size>0x47</size>
         <input_file_ref idref="fl-3"/>
      </object_component>
      <object_component id="oc-171">
         <name>.debug_frame</name>
         <load_address>0x678</load_address>
         <run_address>0x678</run_address>
         <size>0x50</size>
         <input_file_ref idref="fl-5"/>
      </object_component>
      <object_component id="oc-176">
         <name>.debug_frame</name>
         <load_address>0x6c8</load_address>
         <run_address>0x6c8</run_address>
         <size>0x47</size>
         <input_file_ref idref="fl-3"/>
      </object_component>
      <object_component id="oc-17b">
         <name>.debug_frame</name>
         <load_address>0x70f</load_address>
         <run_address>0x70f</run_address>
         <size>0x47</size>
         <input_file_ref idref="fl-3"/>
      </object_component>
      <object_component id="oc-180">
         <name>.debug_frame</name>
         <load_address>0x756</load_address>
         <run_address>0x756</run_address>
         <size>0x47</size>
         <input_file_ref idref="fl-9"/>
      </object_component>
      <object_component id="oc-185">
         <name>.debug_frame</name>
         <load_address>0x79d</load_address>
         <run_address>0x79d</run_address>
         <size>0x4d</size>
         <input_file_ref idref="fl-5"/>
      </object_component>
      <object_component id="oc-18a">
         <name>.debug_frame</name>
         <load_address>0x7ea</load_address>
         <run_address>0x7ea</run_address>
         <size>0x47</size>
         <input_file_ref idref="fl-7"/>
      </object_component>
      <object_component id="oc-18f">
         <name>.debug_frame</name>
         <load_address>0x831</load_address>
         <run_address>0x831</run_address>
         <size>0x63</size>
         <input_file_ref idref="fl-5"/>
      </object_component>
      <object_component id="oc-194">
         <name>.debug_frame</name>
         <load_address>0x894</load_address>
         <run_address>0x894</run_address>
         <size>0x47</size>
         <input_file_ref idref="fl-2"/>
      </object_component>
      <object_component id="oc-199">
         <name>.debug_frame</name>
         <load_address>0x8db</load_address>
         <run_address>0x8db</run_address>
         <size>0x50</size>
         <input_file_ref idref="fl-a"/>
      </object_component>
      <object_component id="oc-19e">
         <name>.debug_frame</name>
         <load_address>0x92b</load_address>
         <run_address>0x92b</run_address>
         <size>0x47</size>
         <input_file_ref idref="fl-5"/>
      </object_component>
      <object_component id="oc-1a3">
         <name>.debug_frame</name>
         <load_address>0x972</load_address>
         <run_address>0x972</run_address>
         <size>0x5c</size>
         <input_file_ref idref="fl-6"/>
      </object_component>
      <object_component id="oc-1e3">
         <name>.debug_frame</name>
         <load_address>0x9ce</load_address>
         <run_address>0x9ce</run_address>
         <size>0x50</size>
         <input_file_ref idref="fl-8"/>
      </object_component>
      <object_component id="oc-1ec">
         <name>.debug_frame</name>
         <load_address>0xa1e</load_address>
         <run_address>0xa1e</run_address>
         <size>0x47</size>
         <input_file_ref idref="fl-7"/>
      </object_component>
      <object_component id="oc-1f3">
         <name>.debug_frame</name>
         <load_address>0xa65</load_address>
         <run_address>0xa65</run_address>
         <size>0x48</size>
         <input_file_ref idref="fl-7"/>
      </object_component>
      <object_component id="oc-1f9">
         <name>.debug_frame</name>
         <load_address>0xaad</load_address>
         <run_address>0xaad</run_address>
         <size>0x54</size>
         <input_file_ref idref="fl-9"/>
      </object_component>
      <object_component id="oc-1fe">
         <name>.debug_frame</name>
         <load_address>0xb01</load_address>
         <run_address>0xb01</run_address>
         <size>0x57</size>
         <input_file_ref idref="fl-8"/>
      </object_component>
      <object_component id="oc-203">
         <name>.debug_frame</name>
         <load_address>0xb58</load_address>
         <run_address>0xb58</run_address>
         <size>0x47</size>
         <input_file_ref idref="fl-6"/>
      </object_component>
      <object_component id="oc-208">
         <name>.debug_frame</name>
         <load_address>0xb9f</load_address>
         <run_address>0xb9f</run_address>
         <size>0x47</size>
         <input_file_ref idref="fl-3"/>
      </object_component>
      <object_component id="oc-24b">
         <name>.debug_frame</name>
         <load_address>0xbe6</load_address>
         <run_address>0xbe6</run_address>
         <size>0x61</size>
         <input_file_ref idref="fl-2"/>
      </object_component>
      <object_component id="oc-26c">
         <name>.debug_frame</name>
         <load_address>0xc47</load_address>
         <run_address>0xc47</run_address>
         <size>0x47</size>
         <input_file_ref idref="fl-43"/>
      </object_component>
      <object_component id="oc-271">
         <name>.debug_frame</name>
         <load_address>0xc8e</load_address>
         <run_address>0xc8e</run_address>
         <size>0x61</size>
         <input_file_ref idref="fl-41"/>
      </object_component>
      <object_component id="oc-277">
         <name>.debug_frame</name>
         <load_address>0xcef</load_address>
         <run_address>0xcef</run_address>
         <size>0x61</size>
         <input_file_ref idref="fl-39"/>
      </object_component>
      <object_component id="oc-27a">
         <name>.debug_frame</name>
         <load_address>0xd50</load_address>
         <run_address>0xd50</run_address>
         <size>0x4d</size>
         <input_file_ref idref="fl-61"/>
      </object_component>
      <object_component id="oc-28d">
         <name>.debug_frame</name>
         <load_address>0xd9d</load_address>
         <run_address>0xd9d</run_address>
         <size>0x47</size>
         <input_file_ref idref="fl-5b"/>
      </object_component>
      <object_component id="oc-297">
         <name>.debug_frame</name>
         <load_address>0xde4</load_address>
         <run_address>0xde4</run_address>
         <size>0x47</size>
         <input_file_ref idref="fl-9"/>
      </object_component>
      <object_component id="oc-2b4">
         <name>.debug_frame</name>
         <load_address>0xe2b</load_address>
         <run_address>0xe2b</run_address>
         <size>0x50</size>
         <input_file_ref idref="fl-44"/>
      </object_component>
      <object_component id="oc-2bd">
         <name>.debug_frame</name>
         <load_address>0xe7b</load_address>
         <run_address>0xe7b</run_address>
         <size>0x7d</size>
         <input_file_ref idref="fl-46"/>
      </object_component>
      <object_component id="oc-2c6">
         <name>.debug_frame</name>
         <load_address>0xef8</load_address>
         <run_address>0xef8</run_address>
         <size>0x6a</size>
         <input_file_ref idref="fl-45"/>
      </object_component>
      <object_component id="oc-307">
         <name>.debug_frame</name>
         <load_address>0xf62</load_address>
         <run_address>0xf62</run_address>
         <size>0x60</size>
         <input_file_ref idref="fl-60"/>
      </object_component>
      <object_component id="oc-74">
         <name>.debug_aranges</name>
         <load_address>0x0</load_address>
         <run_address>0x0</run_address>
         <size>0x20</size>
         <input_file_ref idref="fl-3b"/>
      </object_component>
      <object_component id="oc-85">
         <name>.debug_aranges</name>
         <load_address>0x20</load_address>
         <run_address>0x20</run_address>
         <size>0x20</size>
         <input_file_ref idref="fl-3c"/>
      </object_component>
      <object_component id="oc-8c">
         <name>.debug_aranges</name>
         <load_address>0x40</load_address>
         <run_address>0x40</run_address>
         <size>0x20</size>
         <input_file_ref idref="fl-3e"/>
      </object_component>
      <object_component id="oc-8f">
         <name>.debug_aranges</name>
         <load_address>0x60</load_address>
         <run_address>0x60</run_address>
         <size>0x20</size>
         <input_file_ref idref="fl-3d"/>
      </object_component>
      <object_component id="oc-9a">
         <name>.debug_aranges</name>
         <load_address>0x80</load_address>
         <run_address>0x80</run_address>
         <size>0x20</size>
         <input_file_ref idref="fl-57"/>
      </object_component>
      <object_component id="oc-9f">
         <name>.debug_aranges</name>
         <load_address>0xa0</load_address>
         <run_address>0xa0</run_address>
         <size>0x20</size>
         <input_file_ref idref="fl-3"/>
      </object_component>
      <object_component id="oc-a4">
         <name>.debug_aranges</name>
         <load_address>0xc0</load_address>
         <run_address>0xc0</run_address>
         <size>0x20</size>
         <input_file_ref idref="fl-7"/>
      </object_component>
      <object_component id="oc-a9">
         <name>.debug_aranges</name>
         <load_address>0xe0</load_address>
         <run_address>0xe0</run_address>
         <size>0x20</size>
         <input_file_ref idref="fl-4"/>
      </object_component>
      <object_component id="oc-ae">
         <name>.debug_aranges</name>
         <load_address>0x100</load_address>
         <run_address>0x100</run_address>
         <size>0x20</size>
         <input_file_ref idref="fl-65"/>
      </object_component>
      <object_component id="oc-b3">
         <name>.debug_aranges</name>
         <load_address>0x120</load_address>
         <run_address>0x120</run_address>
         <size>0x20</size>
         <input_file_ref idref="fl-5"/>
      </object_component>
      <object_component id="oc-b6">
         <name>.debug_aranges</name>
         <load_address>0x140</load_address>
         <run_address>0x140</run_address>
         <size>0x20</size>
         <input_file_ref idref="fl-42"/>
      </object_component>
      <object_component id="oc-be">
         <name>.debug_aranges</name>
         <load_address>0x160</load_address>
         <run_address>0x160</run_address>
         <size>0x20</size>
         <input_file_ref idref="fl-7"/>
      </object_component>
      <object_component id="oc-c3">
         <name>.debug_aranges</name>
         <load_address>0x180</load_address>
         <run_address>0x180</run_address>
         <size>0x20</size>
         <input_file_ref idref="fl-9"/>
      </object_component>
      <object_component id="oc-c8">
         <name>.debug_aranges</name>
         <load_address>0x1a0</load_address>
         <run_address>0x1a0</run_address>
         <size>0x20</size>
         <input_file_ref idref="fl-6"/>
      </object_component>
      <object_component id="oc-cd">
         <name>.debug_aranges</name>
         <load_address>0x1c0</load_address>
         <run_address>0x1c0</run_address>
         <size>0x20</size>
         <input_file_ref idref="fl-7"/>
      </object_component>
      <object_component id="oc-d1">
         <name>.debug_aranges</name>
         <load_address>0x1e0</load_address>
         <run_address>0x1e0</run_address>
         <size>0x20</size>
         <input_file_ref idref="fl-3f"/>
      </object_component>
      <object_component id="oc-e1">
         <name>.debug_aranges</name>
         <load_address>0x200</load_address>
         <run_address>0x200</run_address>
         <size>0x30</size>
         <input_file_ref idref="fl-3d"/>
      </object_component>
      <object_component id="oc-f0">
         <name>.debug_aranges</name>
         <load_address>0x230</load_address>
         <run_address>0x230</run_address>
         <size>0x20</size>
         <input_file_ref idref="fl-5"/>
      </object_component>
      <object_component id="oc-130">
         <name>.debug_aranges</name>
         <load_address>0x250</load_address>
         <run_address>0x250</run_address>
         <size>0x20</size>
         <input_file_ref idref="fl-3"/>
      </object_component>
      <object_component id="oc-135">
         <name>.debug_aranges</name>
         <load_address>0x270</load_address>
         <run_address>0x270</run_address>
         <size>0x20</size>
         <input_file_ref idref="fl-5"/>
      </object_component>
      <object_component id="oc-13c">
         <name>.debug_aranges</name>
         <load_address>0x290</load_address>
         <run_address>0x290</run_address>
         <size>0x20</size>
         <input_file_ref idref="fl-5"/>
      </object_component>
      <object_component id="oc-16d">
         <name>.debug_aranges</name>
         <load_address>0x2b0</load_address>
         <run_address>0x2b0</run_address>
         <size>0x20</size>
         <input_file_ref idref="fl-3"/>
      </object_component>
      <object_component id="oc-172">
         <name>.debug_aranges</name>
         <load_address>0x2d0</load_address>
         <run_address>0x2d0</run_address>
         <size>0x20</size>
         <input_file_ref idref="fl-5"/>
      </object_component>
      <object_component id="oc-177">
         <name>.debug_aranges</name>
         <load_address>0x2f0</load_address>
         <run_address>0x2f0</run_address>
         <size>0x20</size>
         <input_file_ref idref="fl-3"/>
      </object_component>
      <object_component id="oc-17c">
         <name>.debug_aranges</name>
         <load_address>0x310</load_address>
         <run_address>0x310</run_address>
         <size>0x20</size>
         <input_file_ref idref="fl-3"/>
      </object_component>
      <object_component id="oc-181">
         <name>.debug_aranges</name>
         <load_address>0x330</load_address>
         <run_address>0x330</run_address>
         <size>0x20</size>
         <input_file_ref idref="fl-9"/>
      </object_component>
      <object_component id="oc-186">
         <name>.debug_aranges</name>
         <load_address>0x350</load_address>
         <run_address>0x350</run_address>
         <size>0x20</size>
         <input_file_ref idref="fl-5"/>
      </object_component>
      <object_component id="oc-18b">
         <name>.debug_aranges</name>
         <load_address>0x370</load_address>
         <run_address>0x370</run_address>
         <size>0x20</size>
         <input_file_ref idref="fl-7"/>
      </object_component>
      <object_component id="oc-190">
         <name>.debug_aranges</name>
         <load_address>0x390</load_address>
         <run_address>0x390</run_address>
         <size>0x20</size>
         <input_file_ref idref="fl-5"/>
      </object_component>
      <object_component id="oc-195">
         <name>.debug_aranges</name>
         <load_address>0x3b0</load_address>
         <run_address>0x3b0</run_address>
         <size>0x20</size>
         <input_file_ref idref="fl-2"/>
      </object_component>
      <object_component id="oc-19a">
         <name>.debug_aranges</name>
         <load_address>0x3d0</load_address>
         <run_address>0x3d0</run_address>
         <size>0x20</size>
         <input_file_ref idref="fl-a"/>
      </object_component>
      <object_component id="oc-19f">
         <name>.debug_aranges</name>
         <load_address>0x3f0</load_address>
         <run_address>0x3f0</run_address>
         <size>0x20</size>
         <input_file_ref idref="fl-5"/>
      </object_component>
      <object_component id="oc-1a4">
         <name>.debug_aranges</name>
         <load_address>0x410</load_address>
         <run_address>0x410</run_address>
         <size>0x20</size>
         <input_file_ref idref="fl-6"/>
      </object_component>
      <object_component id="oc-1e4">
         <name>.debug_aranges</name>
         <load_address>0x430</load_address>
         <run_address>0x430</run_address>
         <size>0x20</size>
         <input_file_ref idref="fl-8"/>
      </object_component>
      <object_component id="oc-1ed">
         <name>.debug_aranges</name>
         <load_address>0x450</load_address>
         <run_address>0x450</run_address>
         <size>0x20</size>
         <input_file_ref idref="fl-7"/>
      </object_component>
      <object_component id="oc-1f4">
         <name>.debug_aranges</name>
         <load_address>0x470</load_address>
         <run_address>0x470</run_address>
         <size>0x20</size>
         <input_file_ref idref="fl-7"/>
      </object_component>
      <object_component id="oc-1fa">
         <name>.debug_aranges</name>
         <load_address>0x490</load_address>
         <run_address>0x490</run_address>
         <size>0x20</size>
         <input_file_ref idref="fl-9"/>
      </object_component>
      <object_component id="oc-1ff">
         <name>.debug_aranges</name>
         <load_address>0x4b0</load_address>
         <run_address>0x4b0</run_address>
         <size>0x20</size>
         <input_file_ref idref="fl-8"/>
      </object_component>
      <object_component id="oc-204">
         <name>.debug_aranges</name>
         <load_address>0x4d0</load_address>
         <run_address>0x4d0</run_address>
         <size>0x20</size>
         <input_file_ref idref="fl-6"/>
      </object_component>
      <object_component id="oc-209">
         <name>.debug_aranges</name>
         <load_address>0x4f0</load_address>
         <run_address>0x4f0</run_address>
         <size>0x20</size>
         <input_file_ref idref="fl-3"/>
      </object_component>
      <object_component id="oc-21e">
         <name>.debug_aranges</name>
         <load_address>0x510</load_address>
         <run_address>0x510</run_address>
         <size>0x20</size>
         <input_file_ref idref="fl-5e"/>
      </object_component>
      <object_component id="oc-24c">
         <name>.debug_aranges</name>
         <load_address>0x530</load_address>
         <run_address>0x530</run_address>
         <size>0x20</size>
         <input_file_ref idref="fl-2"/>
      </object_component>
      <object_component id="oc-266">
         <name>.debug_aranges</name>
         <load_address>0x550</load_address>
         <run_address>0x550</run_address>
         <size>0x20</size>
         <input_file_ref idref="fl-58"/>
      </object_component>
      <object_component id="oc-26d">
         <name>.debug_aranges</name>
         <load_address>0x570</load_address>
         <run_address>0x570</run_address>
         <size>0x20</size>
         <input_file_ref idref="fl-43"/>
      </object_component>
      <object_component id="oc-272">
         <name>.debug_aranges</name>
         <load_address>0x590</load_address>
         <run_address>0x590</run_address>
         <size>0x20</size>
         <input_file_ref idref="fl-41"/>
      </object_component>
      <object_component id="oc-278">
         <name>.debug_aranges</name>
         <load_address>0x5b0</load_address>
         <run_address>0x5b0</run_address>
         <size>0x20</size>
         <input_file_ref idref="fl-39"/>
      </object_component>
      <object_component id="oc-27d">
         <name>.debug_aranges</name>
         <load_address>0x5d0</load_address>
         <run_address>0x5d0</run_address>
         <size>0x20</size>
         <input_file_ref idref="fl-61"/>
      </object_component>
      <object_component id="oc-289">
         <name>.debug_aranges</name>
         <load_address>0x5f0</load_address>
         <run_address>0x5f0</run_address>
         <size>0x20</size>
         <input_file_ref idref="fl-40"/>
      </object_component>
      <object_component id="oc-28e">
         <name>.debug_aranges</name>
         <load_address>0x610</load_address>
         <run_address>0x610</run_address>
         <size>0x20</size>
         <input_file_ref idref="fl-5b"/>
      </object_component>
      <object_component id="oc-298">
         <name>.debug_aranges</name>
         <load_address>0x630</load_address>
         <run_address>0x630</run_address>
         <size>0x20</size>
         <input_file_ref idref="fl-9"/>
      </object_component>
      <object_component id="oc-2ad">
         <name>.debug_aranges</name>
         <load_address>0x650</load_address>
         <run_address>0x650</run_address>
         <size>0x20</size>
         <input_file_ref idref="fl-3a"/>
      </object_component>
      <object_component id="oc-2b3">
         <name>.debug_aranges</name>
         <load_address>0x670</load_address>
         <run_address>0x670</run_address>
         <size>0x20</size>
         <input_file_ref idref="fl-44"/>
      </object_component>
      <object_component id="oc-2bc">
         <name>.debug_aranges</name>
         <load_address>0x690</load_address>
         <run_address>0x690</run_address>
         <size>0x28</size>
         <input_file_ref idref="fl-46"/>
      </object_component>
      <object_component id="oc-2c9">
         <name>.debug_aranges</name>
         <load_address>0x6b8</load_address>
         <run_address>0x6b8</run_address>
         <size>0x20</size>
         <input_file_ref idref="fl-45"/>
      </object_component>
      <object_component id="oc-2e3">
         <name>.debug_aranges</name>
         <load_address>0x6d8</load_address>
         <run_address>0x6d8</run_address>
         <size>0x20</size>
         <input_file_ref idref="fl-59"/>
      </object_component>
      <object_component id="oc-2e7">
         <name>.debug_aranges</name>
         <load_address>0x6f8</load_address>
         <run_address>0x6f8</run_address>
         <size>0x20</size>
         <input_file_ref idref="fl-5a"/>
      </object_component>
      <object_component id="oc-2ef">
         <name>.debug_aranges</name>
         <load_address>0x718</load_address>
         <run_address>0x718</run_address>
         <size>0x20</size>
         <input_file_ref idref="fl-5f"/>
      </object_component>
      <object_component id="oc-2f3">
         <name>.debug_aranges</name>
         <load_address>0x738</load_address>
         <run_address>0x738</run_address>
         <size>0x20</size>
         <input_file_ref idref="fl-64"/>
      </object_component>
      <object_component id="oc-2fb">
         <name>.debug_aranges</name>
         <load_address>0x758</load_address>
         <run_address>0x758</run_address>
         <size>0x20</size>
         <input_file_ref idref="fl-59"/>
      </object_component>
      <object_component id="oc-2ff">
         <name>.debug_aranges</name>
         <load_address>0x778</load_address>
         <run_address>0x778</run_address>
         <size>0x20</size>
         <input_file_ref idref="fl-5a"/>
      </object_component>
      <object_component id="oc-303">
         <name>.debug_aranges</name>
         <load_address>0x798</load_address>
         <run_address>0x798</run_address>
         <size>0x20</size>
         <input_file_ref idref="fl-64"/>
      </object_component>
      <object_component id="oc-308">
         <name>.debug_aranges</name>
         <load_address>0x7b8</load_address>
         <run_address>0x7b8</run_address>
         <size>0x20</size>
         <input_file_ref idref="fl-60"/>
      </object_component>
      <object_component id="oc-75">
         <name>.debug_info</name>
         <load_address>0x0</load_address>
         <run_address>0x0</run_address>
         <size>0x125</size>
         <input_file_ref idref="fl-3b"/>
      </object_component>
      <object_component id="oc-87">
         <name>.debug_info</name>
         <load_address>0x125</load_address>
         <run_address>0x125</run_address>
         <size>0x1b4</size>
         <input_file_ref idref="fl-3c"/>
      </object_component>
      <object_component id="oc-8d">
         <name>.debug_info</name>
         <load_address>0x2d9</load_address>
         <run_address>0x2d9</run_address>
         <size>0x183</size>
         <input_file_ref idref="fl-3e"/>
      </object_component>
      <object_component id="oc-91">
         <name>.debug_info</name>
         <load_address>0x45c</load_address>
         <run_address>0x45c</run_address>
         <size>0x1a7</size>
         <input_file_ref idref="fl-3d"/>
      </object_component>
      <object_component id="oc-95">
         <name>.debug_info</name>
         <load_address>0x603</load_address>
         <run_address>0x603</run_address>
         <size>0xaa</size>
         <input_file_ref idref="fl-3b"/>
      </object_component>
      <object_component id="oc-98">
         <name>.debug_info</name>
         <load_address>0x6ad</load_address>
         <run_address>0x6ad</run_address>
         <size>0xc2</size>
         <input_file_ref idref="fl-57"/>
      </object_component>
      <object_component id="oc-9c">
         <name>.debug_info</name>
         <load_address>0x76f</load_address>
         <run_address>0x76f</run_address>
         <size>0x109</size>
         <input_file_ref idref="fl-3"/>
      </object_component>
      <object_component id="oc-a1">
         <name>.debug_info</name>
         <load_address>0x878</load_address>
         <run_address>0x878</run_address>
         <size>0x11c</size>
         <input_file_ref idref="fl-7"/>
      </object_component>
      <object_component id="oc-a6">
         <name>.debug_info</name>
         <load_address>0x994</load_address>
         <run_address>0x994</run_address>
         <size>0x10c</size>
         <input_file_ref idref="fl-4"/>
      </object_component>
      <object_component id="oc-ab">
         <name>.debug_info</name>
         <load_address>0xaa0</load_address>
         <run_address>0xaa0</run_address>
         <size>0x1a4</size>
         <input_file_ref idref="fl-65"/>
      </object_component>
      <object_component id="oc-b0">
         <name>.debug_info</name>
         <load_address>0xc44</load_address>
         <run_address>0xc44</run_address>
         <size>0x17b</size>
         <input_file_ref idref="fl-5"/>
      </object_component>
      <object_component id="oc-b8">
         <name>.debug_info</name>
         <load_address>0xdbf</load_address>
         <run_address>0xdbf</run_address>
         <size>0xcc</size>
         <input_file_ref idref="fl-42"/>
      </object_component>
      <object_component id="oc-bb">
         <name>.debug_info</name>
         <load_address>0xe8b</load_address>
         <run_address>0xe8b</run_address>
         <size>0x11c</size>
         <input_file_ref idref="fl-7"/>
      </object_component>
      <object_component id="oc-c0">
         <name>.debug_info</name>
         <load_address>0xfa7</load_address>
         <run_address>0xfa7</run_address>
         <size>0xff</size>
         <input_file_ref idref="fl-9"/>
      </object_component>
      <object_component id="oc-c5">
         <name>.debug_info</name>
         <load_address>0x10a6</load_address>
         <run_address>0x10a6</run_address>
         <size>0x11c</size>
         <input_file_ref idref="fl-6"/>
      </object_component>
      <object_component id="oc-ca">
         <name>.debug_info</name>
         <load_address>0x11c2</load_address>
         <run_address>0x11c2</run_address>
         <size>0x115</size>
         <input_file_ref idref="fl-7"/>
      </object_component>
      <object_component id="oc-cf">
         <name>.debug_info</name>
         <load_address>0x12d7</load_address>
         <run_address>0x12d7</run_address>
         <size>0xcd</size>
         <input_file_ref idref="fl-3f"/>
      </object_component>
      <object_component id="oc-d3">
         <name>.debug_info</name>
         <load_address>0x13a4</load_address>
         <run_address>0x13a4</run_address>
         <size>0x46</size>
         <input_file_ref idref="fl-3c"/>
      </object_component>
      <object_component id="oc-d8">
         <name>.debug_info</name>
         <load_address>0x13ea</load_address>
         <run_address>0x13ea</run_address>
         <size>0x184</size>
         <input_file_ref idref="fl-3c"/>
      </object_component>
      <object_component id="oc-da">
         <name>.debug_info</name>
         <load_address>0x156e</load_address>
         <run_address>0x156e</run_address>
         <size>0x46</size>
         <input_file_ref idref="fl-3e"/>
      </object_component>
      <object_component id="oc-df">
         <name>.debug_info</name>
         <load_address>0x15b4</load_address>
         <run_address>0x15b4</run_address>
         <size>0x17f</size>
         <input_file_ref idref="fl-3e"/>
      </object_component>
      <object_component id="oc-e4">
         <name>.debug_info</name>
         <load_address>0x1733</load_address>
         <run_address>0x1733</run_address>
         <size>0x266</size>
         <input_file_ref idref="fl-3d"/>
      </object_component>
      <object_component id="oc-e6">
         <name>.debug_info</name>
         <load_address>0x1999</load_address>
         <run_address>0x1999</run_address>
         <size>0x189</size>
         <input_file_ref idref="fl-3d"/>
      </object_component>
      <object_component id="oc-e7">
         <name>.debug_info</name>
         <load_address>0x1b22</load_address>
         <run_address>0x1b22</run_address>
         <size>0x39</size>
         <input_file_ref idref="fl-3d"/>
      </object_component>
      <object_component id="oc-ed">
         <name>.debug_info</name>
         <load_address>0x1b5b</load_address>
         <run_address>0x1b5b</run_address>
         <size>0x5cf</size>
         <input_file_ref idref="fl-5"/>
      </object_component>
      <object_component id="oc-f3">
         <name>.debug_info</name>
         <load_address>0x212a</load_address>
         <run_address>0x212a</run_address>
         <size>0x84</size>
         <input_file_ref idref="fl-4"/>
      </object_component>
      <object_component id="oc-fa">
         <name>.debug_info</name>
         <load_address>0x21ae</load_address>
         <run_address>0x21ae</run_address>
         <size>0x514</size>
         <input_file_ref idref="fl-3"/>
      </object_component>
      <object_component id="oc-fd">
         <name>.debug_info</name>
         <load_address>0x26c2</load_address>
         <run_address>0x26c2</run_address>
         <size>0x377</size>
         <input_file_ref idref="fl-7"/>
      </object_component>
      <object_component id="oc-ff">
         <name>.debug_info</name>
         <load_address>0x2a39</load_address>
         <run_address>0x2a39</run_address>
         <size>0x430</size>
         <input_file_ref idref="fl-7"/>
      </object_component>
      <object_component id="oc-104">
         <name>.debug_info</name>
         <load_address>0x2e69</load_address>
         <run_address>0x2e69</run_address>
         <size>0x2e0</size>
         <input_file_ref idref="fl-65"/>
      </object_component>
      <object_component id="oc-106">
         <name>.debug_info</name>
         <load_address>0x3149</load_address>
         <run_address>0x3149</run_address>
         <size>0xb45</size>
         <input_file_ref idref="fl-5"/>
      </object_component>
      <object_component id="oc-12b">
         <name>.debug_info</name>
         <load_address>0x3c8e</load_address>
         <run_address>0x3c8e</run_address>
         <size>0x347</size>
         <input_file_ref idref="fl-5"/>
      </object_component>
      <object_component id="oc-12d">
         <name>.debug_info</name>
         <load_address>0x3fd5</load_address>
         <run_address>0x3fd5</run_address>
         <size>0x14d</size>
         <input_file_ref idref="fl-3"/>
      </object_component>
      <object_component id="oc-132">
         <name>.debug_info</name>
         <load_address>0x4122</load_address>
         <run_address>0x4122</run_address>
         <size>0x11d</size>
         <input_file_ref idref="fl-5"/>
      </object_component>
      <object_component id="oc-137">
         <name>.debug_info</name>
         <load_address>0x423f</load_address>
         <run_address>0x423f</run_address>
         <size>0x11e</size>
         <input_file_ref idref="fl-5"/>
      </object_component>
      <object_component id="oc-139">
         <name>.debug_info</name>
         <load_address>0x435d</load_address>
         <run_address>0x435d</run_address>
         <size>0x937</size>
         <input_file_ref idref="fl-5"/>
      </object_component>
      <object_component id="oc-13e">
         <name>.debug_info</name>
         <load_address>0x4c94</load_address>
         <run_address>0x4c94</run_address>
         <size>0x8b</size>
         <input_file_ref idref="fl-2"/>
      </object_component>
      <object_component id="oc-148">
         <name>.debug_info</name>
         <load_address>0x4d1f</load_address>
         <run_address>0x4d1f</run_address>
         <size>0x13e</size>
         <input_file_ref idref="fl-9"/>
      </object_component>
      <object_component id="oc-14b">
         <name>.debug_info</name>
         <load_address>0x4e5d</load_address>
         <run_address>0x4e5d</run_address>
         <size>0x20b</size>
         <input_file_ref idref="fl-6"/>
      </object_component>
      <object_component id="oc-14d">
         <name>.debug_info</name>
         <load_address>0x5068</load_address>
         <run_address>0x5068</run_address>
         <size>0x57e</size>
         <input_file_ref idref="fl-6"/>
      </object_component>
      <object_component id="oc-16a">
         <name>.debug_info</name>
         <load_address>0x55e6</load_address>
         <run_address>0x55e6</run_address>
         <size>0x18d</size>
         <input_file_ref idref="fl-3"/>
      </object_component>
      <object_component id="oc-16f">
         <name>.debug_info</name>
         <load_address>0x5773</load_address>
         <run_address>0x5773</run_address>
         <size>0x13e</size>
         <input_file_ref idref="fl-5"/>
      </object_component>
      <object_component id="oc-174">
         <name>.debug_info</name>
         <load_address>0x58b1</load_address>
         <run_address>0x58b1</run_address>
         <size>0x1f3</size>
         <input_file_ref idref="fl-3"/>
[...]
      </symbol>
      <symbol id="sm-4bc">
         <name>_ZN6MSP43010TB0CounterE</name>
         <value>0x23a0</value>
         <object_component_ref idref="oc-fc"/>
      </symbol>
      <symbol id="sm-4bd">
         <name>_ZN6MSP4309TB0PeriodE</name>
         <value>0x239e</value>
         <object_component_ref idref="oc-fc"/>
      </symbol>
      <symbol id="sm-4be">
         <name>_ZN6MSP43016SelectedTA0TimerE</name>
         <value>0x2394</value>
         <object_component_ref idref="oc-fc"/>
      </symbol>
      <symbol id="sm-4bf">
         <name>_ZN6MSP4305Timer5StartEj</name>
         <value>0x11ee2</value>
         <object_component_ref idref="oc-1f0"/>
      </symbol>
      <symbol id="sm-4c0">
         <name>_ZN6MSP4309TA1PeriodE</name>
         <value>0x239a</value>
         <object_component_ref idref="oc-fc"/>
      </symbol>
      <symbol id="sm-4c1">
         <name>_ZN6MSP43013TIMER0_B0_ISREv</name>
         <value>0x5dbe</value>
         <object_component_ref idref="oc-c9"/>
      </symbol>
      <symbol id="sm-4c2">
         <name>_ZN6MSP43013TIMER1_A1_ISREv</name>
         <value>0x5d7c</value>
         <object_component_ref idref="oc-a0"/>
      </symbol>
      <symbol id="sm-4c3">
         <name>_ZN6MSP43010TA1CounterE</name>
         <value>0x239c</value>
         <object_component_ref idref="oc-fc"/>
      </symbol>
      <symbol id="sm-4c4">
         <name>_ZN6MSP43016SelectedTA1TimerE</name>
         <value>0x2395</value>
         <object_component_ref idref="oc-fc"/>
      </symbol>
      <symbol id="sm-4c5">
         <name>_ZN6MSP4305Timer4StopEv</name>
         <value>0x121ee</value>
         <object_component_ref idref="oc-1e9"/>
      </symbol>
      <symbol id="sm-4c6">
         <name>_ZN6MSP4305TimerC1ENS_5TIMEREPFvvE</name>
         <value>0x12306</value>
         <object_component_ref idref="oc-187"/>
      </symbol>
      <symbol id="sm-4c7">
         <name>_ZN6MSP4309TA0PeriodE</name>
         <value>0x2396</value>
         <object_component_ref idref="oc-fc"/>
      </symbol>
      <symbol id="sm-4de">
         <name>Packet</name>
         <value>0x1c00</value>
      </symbol>
      <symbol id="sm-4df">
         <name>_Z18AssembleDataPacketPhj</name>
         <value>0x11e3e</value>
         <object_component_ref idref="oc-1fb"/>
      </symbol>
      <symbol id="sm-4e0">
         <name>_Z24CompareCharArrayToStringPhPKcj</name>
         <value>0x125aa</value>
         <object_component_ref idref="oc-1e0"/>
      </symbol>
      <symbol id="sm-504">
         <name>_ZN6MSP4309CharValueE</name>
         <value>0x2390</value>
      </symbol>
      <symbol id="sm-505">
         <name>_ZN6MSP43016ADCInterruptFlagE</name>
         <value>0x23c2</value>
         <object_component_ref idref="oc-147"/>
      </symbol>
      <symbol id="sm-506">
         <name>_ZN6MSP4303ADC26SingleReadValueAsCharArrayENS_10ADCChannelE</name>
         <value>0x1235c</value>
         <object_component_ref idref="oc-294"/>
      </symbol>
      <symbol id="sm-507">
         <name>_ZN6MSP4303ADC24ReadAllValuesToCharArrayEPh</name>
         <value>0x1193e</value>
         <object_component_ref idref="oc-1f6"/>
      </symbol>
      <symbol id="sm-508">
         <name>__TI_int55</name>
         <value>0xffee</value>
         <object_component_ref idref="oc-7c"/>
      </symbol>
      <symbol id="sm-509">
         <name>_ZN6MSP4303ADCC1Ev</name>
         <value>0x1273c</value>
         <object_component_ref idref="oc-17d"/>
      </symbol>
      <symbol id="sm-50a">
         <name>_ZN6MSP4309ADC12_ISREv</name>
         <value>0x5df8</value>
         <object_component_ref idref="oc-bf"/>
      </symbol>
      <symbol id="sm-50b">
         <name>_ZN6MSP4301iE</name>
         <value>0x23c3</value>
         <object_component_ref idref="oc-147"/>
      </symbol>
      <symbol id="sm-50c">
         <name>_ZN6MSP4305ValueE</name>
         <value>0x23c0</value>
         <object_component_ref idref="oc-147"/>
      </symbol>
      <symbol id="sm-517">
         <name>_ZN6MSP4306AD9243C1EPNS_6pulsarES2_S2_</name>
         <value>0x12638</value>
         <object_component_ref idref="oc-196"/>
      </symbol>
      <symbol id="sm-53d">
         <name>__mspabi_addd</name>
         <value>0x10f70</value>
         <object_component_ref idref="oc-274"/>
      </symbol>
      <symbol id="sm-545">
         <name>__mspabi_srai</name>
         <value>0x12718</value>
         <object_component_ref idref="oc-2aa"/>
      </symbol>
      <symbol id="sm-553">
         <name>_c_int00_noexit</name>
         <value>0x5dde</value>
         <object_component_ref idref="oc-72"/>
      </symbol>
      <symbol id="sm-554">
         <name>_c_int00</name>
         <value>0x5dde</value>
         <object_component_ref idref="oc-72"/>
      </symbol>
      <symbol id="sm-555">
         <name>_stack</name>
         <value>0x5b60</value>
         <object_component_ref idref="oc-94"/>
      </symbol>
      <symbol id="sm-556">
         <name>_reset_vector</name>
         <value>0xfffe</value>
         <object_component_ref idref="oc-96"/>
      </symbol>
      <symbol id="sm-566">
         <name>__TI_decompress_none</name>
         <value>0x124dc</value>
         <object_component_ref idref="oc-84"/>
      </symbol>
      <symbol id="sm-588">
         <name>__TI_decompress_rle24</name>
         <value>0x12700</value>
         <object_component_ref idref="oc-8e"/>
      </symbol>
      <symbol id="sm-59a">
         <name>__TI_zero_init</name>
         <value>0x123e4</value>
         <object_component_ref idref="oc-89"/>
      </symbol>
      <symbol id="sm-5a4">
         <name>__memcpy_far</name>
         <value>0x123a4</value>
         <object_component_ref idref="oc-ce"/>
      </symbol>
      <symbol id="sm-5b1">
         <name>__mspabi_remul</name>
         <value>0x122ae</value>
         <object_component_ref idref="oc-286"/>
      </symbol>
      <symbol id="sm-5b2">
         <name>__mspabi_divul</name>
         <value>0x122ae</value>
         <object_component_ref idref="oc-286"/>
      </symbol>
      <symbol id="sm-5d2">
         <name>__mspabi_divd</name>
         <value>0x1171e</value>
         <object_component_ref idref="oc-26e"/>
      </symbol>
      <symbol id="sm-5db">
         <name>C$$EXIT</name>
         <value>0x12738</value>
         <object_component_ref idref="oc-b4"/>
      </symbol>
      <symbol id="sm-5dc">
         <name>abort</name>
         <value>0x12738</value>
         <object_component_ref idref="oc-b4"/>
      </symbol>
      <symbol id="sm-5e7">
         <name>__mspabi_fltud</name>
         <value>0x12732</value>
         <object_component_ref idref="oc-269"/>
      </symbol>
      <symbol id="sm-5fb">
         <name>__mspabi_fltuld</name>
         <value>0x12106</value>
         <object_component_ref idref="oc-2b2"/>
      </symbol>
      <symbol id="sm-61b">
         <name>__TI_frcaddd</name>
         <value>0x114b4</value>
         <object_component_ref idref="oc-2c5"/>
      </symbol>
      <symbol id="sm-635">
         <name>__TI_frcdivd</name>
         <value>0x10b1a</value>
         <object_component_ref idref="oc-2b9"/>
      </symbol>
      <symbol id="sm-638">
         <name>__TI_int41</name>
         <value>0xffd2</value>
         <object_component_ref idref="oc-69"/>
      </symbol>
      <symbol id="sm-63b">
         <name>__TI_int43</name>
         <value>0xffd6</value>
         <object_component_ref idref="oc-6b"/>
      </symbol>
      <symbol id="sm-63e">
         <name>__TI_int44</name>
         <value>0xffd8</value>
         <object_component_ref idref="oc-6c"/>
      </symbol>
      <symbol id="sm-641">
         <name>__TI_int45</name>
         <value>0xffda</value>
         <object_component_ref idref="oc-6d"/>
      </symbol>
      <symbol id="sm-644">
         <name>__TI_int46</name>
         <value>0xffdc</value>
         <object_component_ref idref="oc-6e"/>
      </symbol>
      <symbol id="sm-647">
         <name>__TI_int47</name>
         <value>0xffde</value>
         <object_component_ref idref="oc-6f"/>
      </symbol>
      <symbol id="sm-64a">
         <name>__TI_int48</name>
         <value>0xffe0</value>
         <object_component_ref idref="oc-70"/>
      </symbol>
      <symbol id="sm-64d">
         <name>__TI_int50</name>
         <value>0xffe4</value>
         <object_component_ref idref="oc-77"/>
      </symbol>
      <symbol id="sm-650">
         <name>__TI_int51</name>
         <value>0xffe6</value>
         <object_component_ref idref="oc-78"/>
      </symbol>
      <symbol id="sm-653">
         <name>__TI_int52</name>
         <value>0xffe8</value>
         <object_component_ref idref="oc-79"/>
      </symbol>
      <symbol id="sm-656">
         <name>__TI_int53</name>
         <value>0xffea</value>
         <object_component_ref idref="oc-7a"/>
      </symbol>
      <symbol id="sm-659">
         <name>__TI_int56</name>
         <value>0xfff0</value>
         <object_component_ref idref="oc-7d"/>
      </symbol>
      <symbol id="sm-65c">
         <name>__TI_int58</name>
         <value>0xfff4</value>
         <object_component_ref idref="oc-7f"/>
      </symbol>
      <symbol id="sm-65f">
         <name>__TI_int59</name>
         <value>0xfff6</value>
         <object_component_ref idref="oc-80"/>
      </symbol>
      <symbol id="sm-662">
         <name>__TI_int61</name>
         <value>0xfffa</value>
         <object_component_ref idref="oc-82"/>
      </symbol>
      <symbol id="sm-665">
         <name>__TI_int62</name>
         <value>0xfffc</value>
         <object_component_ref idref="oc-83"/>
      </symbol>
      <symbol id="sm-66c">
         <name>__TI_ISR_TRAP</name>
         <value>0x1272c</value>
         <object_component_ref idref="oc-97"/>
      </symbol>
      <symbol id="sm-674">
         <name>__mspabi_slli</name>
         <value>0x12722</value>
         <object_component_ref idref="oc-263"/>
      </symbol>
      <symbol id="sm-682">
         <name>__mspabi_slll_9</name>
         <value>0x12478</value>
         <object_component_ref idref="oc-2e0"/>
      </symbol>
      <symbol id="sm-683">
         <name>__mspabi_slll_8</name>
         <value>0x1247c</value>
         <object_component_ref idref="oc-2e0"/>
      </symbol>
      <symbol id="sm-684">
         <name>__mspabi_slll_7</name>
         <value>0x12480</value>
         <object_component_ref idref="oc-2e0"/>
      </symbol>
      <symbol id="sm-685">
         <name>__mspabi_slll_6</name>
         <value>0x12484</value>
         <object_component_ref idref="oc-2e0"/>
      </symbol>
      <symbol id="sm-686">
         <name>__mspabi_slll_5</name>
         <value>0x12488</value>
         <object_component_ref idref="oc-2e0"/>
      </symbol>
      <symbol id="sm-687">
         <name>__mspabi_slll_4</name>
         <value>0x1248c</value>
         <object_component_ref idref="oc-2e0"/>
      </symbol>
      <symbol id="sm-688">
         <name>__mspabi_slll_3</name>
         <value>0x12490</value>
         <object_component_ref idref="oc-2e0"/>
      </symbol>
      <symbol id="sm-689">
         <name>__mspabi_slll_2</name>
         <value>0x12494</value>
         <object_component_ref idref="oc-2e0"/>
      </symbol>
      <symbol id="sm-68a">
         <name>__mspabi_slll_1</name>
         <value>0x12498</value>
         <object_component_ref idref="oc-2e0"/>
      </symbol>
      <symbol id="sm-68b">
         <name>__mspabi_slll</name>
         <value>0x126e0</value>
         <object_component_ref idref="oc-2f8"/>
      </symbol>
      <symbol id="sm-68c">
         <name>__mspabi_slll_15</name>
         <value>0x12460</value>
         <object_component_ref idref="oc-2e0"/>
      </symbol>
      <symbol id="sm-68d">
         <name>__mspabi_slll_14</name>
         <value>0x12464</value>
         <object_component_ref idref="oc-2e0"/>
      </symbol>
      <symbol id="sm-68e">
         <name>__mspabi_slll_13</name>
         <value>0x12468</value>
         <object_component_ref idref="oc-2e0"/>
      </symbol>
      <symbol id="sm-68f">
         <name>__mspabi_slll_12</name>
         <value>0x1246c</value>
         <object_component_ref idref="oc-2e0"/>
      </symbol>
      <symbol id="sm-690">
         <name>__mspabi_slll_11</name>
         <value>0x12470</value>
         <object_component_ref idref="oc-2e0"/>
      </symbol>
      <symbol id="sm-691">
         <name>__mspabi_slll_10</name>
         <value>0x12474</value>
         <object_component_ref idref="oc-2e0"/>
      </symbol>
      <symbol id="sm-69f">
         <name>__mspabi_srll_8</name>
         <value>0x124ba</value>
         <object_component_ref idref="oc-2e4"/>
      </symbol>
      <symbol id="sm-6a0">
         <name>__mspabi_srll_9</name>
         <value>0x124b6</value>
         <object_component_ref idref="oc-2e4"/>
      </symbol>
      <symbol id="sm-6a1">
         <name>__mspabi_srll_6</name>
         <value>0x124c2</value>
         <object_component_ref idref="oc-2e4"/>
      </symbol>
      <symbol id="sm-6a2">
         <name>__mspabi_srll_7</name>
         <value>0x124be</value>
         <object_component_ref idref="oc-2e4"/>
      </symbol>
      <symbol id="sm-6a3">
         <name>__mspabi_srll_4</name>
         <value>0x124ca</value>
         <object_component_ref idref="oc-2e4"/>
      </symbol>
      <symbol id="sm-6a4">
         <name>__mspabi_srll_5</name>
         <value>0x124c6</value>
         <object_component_ref idref="oc-2e4"/>
      </symbol>
      <symbol id="sm-6a5">
         <name>__mspabi_srll_2</name>
         <value>0x124d2</value>
         <object_component_ref idref="oc-2e4"/>
      </symbol>
      <symbol id="sm-6a6">
         <name>__mspabi_srll_3</name>
         <value>0x124ce</value>
         <object_component_ref idref="oc-2e4"/>
      </symbol>
      <symbol id="sm-6a7">
         <name>__mspabi_srll_1</name>
         <value>0x124d6</value>
         <object_component_ref idref="oc-2e4"/>
      </symbol>
      <symbol id="sm-6a8">
         <name>__mspabi_srll_15</name>
         <value>0x1249e</value>
         <object_component_ref idref="oc-2e4"/>
      </symbol>
      <symbol id="sm-6a9">
         <name>__mspabi_srll_14</name>
         <value>0x124a2</value>
         <object_component_ref idref="oc-2e4"/>
      </symbol>
      <symbol id="sm-6aa">
         <name>__mspabi_srll_13</name>
         <value>0x124a6</value>
         <object_component_ref idref="oc-2e4"/>
      </symbol>
      <symbol id="sm-6ab">
         <name>__mspabi_srll_12</name>
         <value>0x124aa</value>
         <object_component_ref idref="oc-2e4"/>
      </symbol>
      <symbol id="sm-6ac">
         <name>__mspabi_srll_11</name>
         <value>0x124ae</value>
         <object_component_ref idref="oc-2e4"/>
      </symbol>
      <symbol id="sm-6ad">
         <name>__mspabi_srll_10</name>
         <value>0x124b2</value>
         <object_component_ref idref="oc-2e4"/>
      </symbol>
      <symbol id="sm-6ae">
         <name>__mspabi_srll</name>
         <value>0x126f0</value>
         <object_component_ref idref="oc-2fc"/>
      </symbol>
      <symbol id="sm-6c0">
         <name>memset</name>
         <value>0x126bc</value>
         <object_component_ref idref="oc-28a"/>
      </symbol>
      <symbol id="sm-6c9">
         <name>__mspabi_mpyi_f5hw</name>
         <value>0x126a6</value>
         <object_component_ref idref="oc-21b"/>
      </symbol>
      <symbol id="sm-6d0">
         <name>__mspabi_mpyl_f5hw</name>
         <value>0x125f6</value>
         <object_component_ref idref="oc-2ec"/>
      </symbol>
      <symbol id="sm-6e3">
         <name>__TI_renormd</name>
         <value>0x11d8a</value>
         <object_component_ref idref="oc-304"/>
      </symbol>
      <symbol id="sm-6ee">
         <name>__mspabi_subd</name>
         <value>0x12550</value>
         <object_component_ref idref="oc-279"/>
      </symbol>
      <symbol id="sm-6fe">
         <name>__mspabi_sral</name>
         <value>0x126d0</value>
         <object_component_ref idref="oc-300"/>
      </symbol>
      <symbol id="sm-6ff">
         <name>__mspabi_sral_15</name>
         <value>0x12422</value>
         <object_component_ref idref="oc-2f0"/>
      </symbol>
      <symbol id="sm-700">
         <name>__mspabi_sral_14</name>
         <value>0x12426</value>
         <object_component_ref idref="oc-2f0"/>
      </symbol>
      <symbol id="sm-701">
         <name>__mspabi_sral_13</name>
         <value>0x1242a</value>
         <object_component_ref idref="oc-2f0"/>
      </symbol>
      <symbol id="sm-702">
         <name>__mspabi_sral_12</name>
         <value>0x1242e</value>
         <object_component_ref idref="oc-2f0"/>
      </symbol>
      <symbol id="sm-703">
         <name>__mspabi_sral_11</name>
         <value>0x12432</value>
         <object_component_ref idref="oc-2f0"/>
      </symbol>
      <symbol id="sm-704">
         <name>__mspabi_sral_10</name>
         <value>0x12436</value>
         <object_component_ref idref="oc-2f0"/>
      </symbol>
      <symbol id="sm-705">
         <name>__mspabi_sral_8</name>
         <value>0x1243e</value>
         <object_component_ref idref="oc-2f0"/>
      </symbol>
      <symbol id="sm-706">
         <name>__mspabi_sral_9</name>
         <value>0x1243a</value>
         <object_component_ref idref="oc-2f0"/>
      </symbol>
      <symbol id="sm-707">
         <name>__mspabi_sral_6</name>
         <value>0x12446</value>
         <object_component_ref idref="oc-2f0"/>
      </symbol>
      <symbol id="sm-708">
         <name>__mspabi_sral_7</name>
         <value>0x12442</value>
         <object_component_ref idref="oc-2f0"/>
      </symbol>
      <symbol id="sm-709">
         <name>__mspabi_sral_4</name>
         <value>0x1244e</value>
         <object_component_ref idref="oc-2f0"/>
      </symbol>
      <symbol id="sm-70a">
         <name>__mspabi_sral_5</name>
         <value>0x1244a</value>
         <object_component_ref idref="oc-2f0"/>
      </symbol>
      <symbol id="sm-70b">
         <name>__mspabi_sral_2</name>
         <value>0x12456</value>
         <object_component_ref idref="oc-2f0"/>
      </symbol>
      <symbol id="sm-70c">
         <name>__mspabi_sral_3</name>
         <value>0x12452</value>
         <object_component_ref idref="oc-2f0"/>
      </symbol>
      <symbol id="sm-70d">
         <name>__mspabi_sral_1</name>
         <value>0x1245a</value>
         <object_component_ref idref="oc-2f0"/>
      </symbol>
      <symbol id="sm-722">
         <name>_auto_init_hold_wdt</name>
         <value>0x1200a</value>
         <object_component_ref idref="oc-aa"/>
      </symbol>
      <symbol id="sm-724">
         <name>__TI_exit</name>
         <value>0x1</value>
      </symbol>
      <symbol id="sm-725">
         <name>__TI_args_main</name>
         <value>0x1</value>
      </symbol>
      <symbol id="sm-728">
         <name>_ZN6MSP4304renaC2Ev</name>
         <value>0x1273e</value>
      </symbol>
      <symbol id="sm-729">
         <name>_ZN6MSP4306pulsarC2EPhhb</name>
         <value>0x1257e</value>
      </symbol>
      <symbol id="sm-72a">
         <name>_ZN6MSP4306pulsarC2EPhh</name>
         <value>0x12690</value>
      </symbol>
      <symbol id="sm-72b">
         <name>_ZN6MSP4306pulsarC2EPhhNS_13InterruptTypeEPFvvE</name>
         <value>0x12250</value>
      </symbol>
      <symbol id="sm-72c">
         <name>_ZN6MSP4304UARTC2ENS_4UCAxEmPFvhPhjE</name>
         <value>0x11f86</value>
      </symbol>
      <symbol id="sm-72d">
         <name>_ZN6MSP4305TimerC2ENS_5TIMEREPFvvE</name>
         <value>0x12306</value>
      </symbol>
      <symbol id="sm-72e">
         <name>_ZN6MSP4303ADCC2Ev</name>
         <value>0x1273c</value>
      </symbol>
      <symbol id="sm-72f">
         <name>_ZN6MSP4306AD9243C2EPNS_6pulsarES2_S2_</name>
         <value>0x12638</value>
      </symbol>
   </symbol_table>
   <title>Link successful</title>
</link_info>
